test_name,ftype,ntype,topology,num_devices,num_links,packet_size,iterations,Avg Cycles,Avg Packets/s,Avg Bandwidth (GB/s),BW Min (GB/s),BW Max (GB/s),BW Std Dev (GB/s),tolerance_percent
LinearMulticast,CHIP_MULTICAST,NOC_UNICAST_WRITE,Linear,"[2]",1,16,3,4698993.666667,5745911.180490,0.091935,0.091925,0.091946,0.000009,1.000000
LinearMulticast,CHIP_MULTICAST,NOC_UNICAST_WRITE,Linear,"[2]",2,16,3,7054455.666667,3827368.323296,0.061238,0.061232,0.061243,0.000005,1.000000
LinearMulticast,CHIP_MULTICAST,NOC_FUSED_UNICAST_ATOMIC_INC,Linear,"[2]",1,16,3,11399448.333333,2368535.676339,0.037897,0.037895,0.037899,0.000002,1.000000
LinearMulticast,CHIP_MULTICAST,NOC_FUSED_UNICAST_ATOMIC_INC,Linear,"[2]",2,16,3,13888862.333333,1944003.778306,0.031104,0.031098,0.031111,0.000006,1.000000
LinearMulticast,CHIP_MULTICAST,NOC_UNICAST_SCATTER_WRITE,Linear,"[2]",1,16,3,6133582.666667,4401994.996376,0.070432,0.070423,0.070437,0.000006,1.000000
LinearMulticast,CHIP_MULTICAST,NOC_UNICAST_SCATTER_WRITE,Linear,"[2]",2,16,3,8578092.333333,3147552.979607,0.050361,0.050358,0.050364,0.000003,1.000000
LinearMulticast,CHIP_MULTICAST,NOC_UNICAST_WRITE,Linear,"[2]",1,2048,3,4699589.666667,5745182.508482,11.766134,11.764871,11.767988,0.001340,1.000000
LinearMulticast,CHIP_MULTICAST,NOC_UNICAST_WRITE,Linear,"[2]",2,2048,3,7053955.000000,3827639.971686,7.839007,7.838338,7.839590,0.000515,1.000000
LinearMulticast,CHIP_MULTICAST,NOC_FUSED_UNICAST_ATOMIC_INC,Linear,"[2]",1,2048,3,12091800.000000,2232918.178147,4.573016,4.572827,4.573174,0.000143,1.000000
LinearMulticast,CHIP_MULTICAST,NOC_FUSED_UNICAST_ATOMIC_INC,Linear,"[2]",2,2048,3,14531382.000000,1858047.641671,3.805282,3.805099,3.805512,0.000172,1.000000
LinearMulticast,CHIP_MULTICAST,NOC_UNICAST_SCATTER_WRITE,Linear,"[2]",1,2048,3,6134589.333333,4401272.637510,9.013806,9.013141,9.014816,0.000726,1.000000
LinearMulticast,CHIP_MULTICAST,NOC_UNICAST_SCATTER_WRITE,Linear,"[2]",2,2048,3,8551625.666667,3157294.428263,6.466139,6.465798,6.466584,0.000329,1.000000
LinearMulticast,CHIP_MULTICAST,NOC_UNICAST_WRITE,Linear,"[2]",1,4096,3,4697404.000000,5747855.741471,23.543217,23.538592,23.546495,0.003364,1.000000
LinearMulticast,CHIP_MULTICAST,NOC_UNICAST_WRITE,Linear,"[2]",2,4096,3,7058883.000000,3824967.871779,15.667068,15.664068,15.670180,0.002497,1.000000
LinearMulticast,CHIP_MULTICAST,NOC_FUSED_UNICAST_ATOMIC_INC,Linear,"[2]",1,4096,3,12798944.666667,2109548.936996,8.640712,8.640036,8.641424,0.000567,1.000000
LinearMulticast,CHIP_MULTICAST,NOC_FUSED_UNICAST_ATOMIC_INC,Linear,"[2]",2,4096,3,15214710.333333,1774598.359753,7.268755,7.268701,7.268833,0.000057,1.000000
LinearMulticast,CHIP_MULTICAST,NOC_UNICAST_SCATTER_WRITE,Linear,"[2]",1,4096,3,6135626.000000,4400528.977403,18.024567,18.024185,18.024919,0.000301,1.000000
LinearMulticast,CHIP_MULTICAST,NOC_UNICAST_SCATTER_WRITE,Linear,"[2]",2,4096,3,8563561.666667,3152893.747062,12.914253,12.913702,12.914780,0.000441,1.000000
UnidirLinearMulticast,CHIP_MULTICAST,NOC_UNICAST_WRITE,Linear,"[2]",1,16,3,4698159.000000,5746931.958222,0.091951,0.091943,0.091955,0.000006,1.000000
UnidirLinearMulticast,CHIP_MULTICAST,NOC_UNICAST_WRITE,Linear,"[2]",2,16,3,7054348.333333,3827426.542594,0.061239,0.061236,0.061243,0.000003,1.000000
UnidirLinearMulticast,CHIP_MULTICAST,NOC_FUSED_UNICAST_ATOMIC_INC,Linear,"[2]",1,16,3,11399176.666667,2368592.123264,0.037897,0.037895,0.037900,0.000002,1.000000
UnidirLinearMulticast,CHIP_MULTICAST,NOC_FUSED_UNICAST_ATOMIC_INC,Linear,"[2]",2,16,3,13888814.666667,1944010.399108,0.031104,0.031101,0.031107,0.000002,1.000000
UnidirLinearMulticast,CHIP_MULTICAST,NOC_UNICAST_SCATTER_WRITE,Linear,"[2]",1,16,3,6133469.000000,4402076.558991,0.070433,0.070427,0.070438,0.000004,1.000000
UnidirLinearMulticast,CHIP_MULTICAST,NOC_UNICAST_SCATTER_WRITE,Linear,"[2]",2,16,3,8578062.333333,3147563.983629,0.050361,0.050359,0.050364,0.000002,1.000000
UnidirLinearMulticast,CHIP_MULTICAST,NOC_UNICAST_WRITE,Linear,"[2]",1,2048,3,4699027.000000,5745870.487654,11.767543,11.765199,11.769148,0.001695,1.000000
UnidirLinearMulticast,CHIP_MULTICAST,NOC_UNICAST_WRITE,Linear,"[2]",2,2048,3,7053485.000000,3827895.020911,7.839529,7.838817,7.839902,0.000504,1.000000
UnidirLinearMulticast,CHIP_MULTICAST,NOC_FUSED_UNICAST_ATOMIC_INC,Linear,"[2]",1,2048,3,12091879.000000,2232903.588799,4.572987,4.572894,4.573134,0.000106,1.000000
UnidirLinearMulticast,CHIP_MULTICAST,NOC_FUSED_UNICAST_ATOMIC_INC,Linear,"[2]",2,2048,3,14533309.000000,1857801.364601,3.804777,3.803614,3.805515,0.000832,1.000000
UnidirLinearMulticast,CHIP_MULTICAST,NOC_UNICAST_SCATTER_WRITE,Linear,"[2]",1,2048,3,6134237.666667,4401524.950895,9.014323,9.013391,9.014819,0.000660,1.000000
UnidirLinearMulticast,CHIP_MULTICAST,NOC_UNICAST_SCATTER_WRITE,Linear,"[2]",2,2048,3,8550740.000000,3157621.448193,6.466809,6.466552,6.466977,0.000184,1.000000
UnidirLinearMulticast,CHIP_MULTICAST,NOC_UNICAST_WRITE,Linear,"[2]",1,4096,3,4697834.666667,5747328.723901,23.541058,23.539037,23.542861,0.001569,1.000000
UnidirLinearMulticast,CHIP_MULTICAST,NOC_UNICAST_WRITE,Linear,"[2]",2,4096,3,7060500.666667,3824091.423901,15.663478,15.662581,15.664148,0.000659,1.000000
UnidirLinearMulticast,CHIP_MULTICAST,NOC_FUSED_UNICAST_ATOMIC_INC,Linear,"[2]",1,4096,3,12798216.000000,2109669.043066,8.641204,8.640512,8.641801,0.000530,1.000000
UnidirLinearMulticast,CHIP_MULTICAST,NOC_FUSED_UNICAST_ATOMIC_INC,Linear,"[2]",2,4096,3,15212843.333333,1774816.167982,7.269647,7.269091,7.270747,0.000778,1.000000
UnidirLinearMulticast,CHIP_MULTICAST,NOC_UNICAST_SCATTER_WRITE,Linear,"[2]",1,4096,3,6134481.333333,4401350.100541,18.027930,18.027396,18.028819,0.000633,1.000000
UnidirLinearMulticast,CHIP_MULTICAST,NOC_UNICAST_SCATTER_WRITE,Linear,"[2]",2,4096,3,8563209.666667,3153023.364676,12.914784,12.913433,12.915732,0.000980,1.000000
SingleSenderLinearUnicastAllDevices,CHIP_UNICAST,NOC_UNICAST_WRITE,Linear,"[2]",1,16,3,4696295.666667,5749212.168989,0.091987,0.091978,0.091997,0.000008,1.000000
SingleSenderLinearUnicastAllDevices,CHIP_UNICAST,NOC_UNICAST_WRITE,Linear,"[2]",2,16,3,4695920.000000,5749672.073024,0.091995,0.091988,0.092001,0.000005,1.000000
SingleSenderLinearUnicastAllDevices,CHIP_UNICAST,NOC_FUSED_UNICAST_ATOMIC_INC,Linear,"[2]",1,16,3,11390687.333333,2370357.402186,0.037926,0.037925,0.037928,0.000001,1.000000
SingleSenderLinearUnicastAllDevices,CHIP_UNICAST,NOC_FUSED_UNICAST_ATOMIC_INC,Linear,"[2]",2,16,3,11390818.666667,2370330.070298,0.037925,0.037924,0.037926,0.000001,1.000000
SingleSenderLinearUnicastAllDevices,CHIP_UNICAST,NOC_UNICAST_SCATTER_WRITE,Linear,"[2]",1,16,3,6030275.000000,4477407.747783,0.071639,0.071637,0.071640,0.000001,1.000000
SingleSenderLinearUnicastAllDevices,CHIP_UNICAST,NOC_UNICAST_SCATTER_WRITE,Linear,"[2]",2,16,3,6030257.666667,4477420.617892,0.071639,0.071637,0.071640,0.000001,1.000000
SingleSenderLinearUnicastAllDevices,CHIP_UNICAST,NOC_UNICAST_WRITE,Linear,"[2]",1,2048,3,4696540.666667,5748912.230929,11.773772,11.773014,11.774596,0.000647,1.000000
SingleSenderLinearUnicastAllDevices,CHIP_UNICAST,NOC_UNICAST_WRITE,Linear,"[2]",2,2048,3,4696671.666667,5748751.876677,11.773444,11.772731,11.774055,0.000545,1.000000
SingleSenderLinearUnicastAllDevices,CHIP_UNICAST,NOC_FUSED_UNICAST_ATOMIC_INC,Linear,"[2]",1,2048,3,12083135.333333,2234519.376183,4.576296,4.576175,4.576501,0.000146,1.000000
SingleSenderLinearUnicastAllDevices,CHIP_UNICAST,NOC_FUSED_UNICAST_ATOMIC_INC,Linear,"[2]",2,2048,3,12083143.666667,2234517.834124,4.576293,4.576145,4.576407,0.000109,1.000000
SingleSenderLinearUnicastAllDevices,CHIP_UNICAST,NOC_UNICAST_SCATTER_WRITE,Linear,"[2]",1,2048,3,6031445.333333,4476538.961107,9.167952,9.167581,9.168281,0.000287,1.000000
SingleSenderLinearUnicastAllDevices,CHIP_UNICAST,NOC_UNICAST_SCATTER_WRITE,Linear,"[2]",2,2048,3,6031529.333333,4476476.613215,9.167824,9.167703,9.167917,0.000090,1.000000
SingleSenderLinearUnicastAllDevices,CHIP_UNICAST,NOC_UNICAST_WRITE,Linear,"[2]",1,4096,3,4694928.000000,5750886.922071,23.555633,23.554434,23.556325,0.000851,1.000000
SingleSenderLinearUnicastAllDevices,CHIP_UNICAST,NOC_UNICAST_WRITE,Linear,"[2]",2,4096,3,4695438.333333,5750261.882721,23.553073,23.551850,23.554715,0.001206,1.000000
SingleSenderLinearUnicastAllDevices,CHIP_UNICAST,NOC_FUSED_UNICAST_ATOMIC_INC,Linear,"[2]",1,4096,3,12770957.333333,2114171.968196,8.659648,8.659569,8.659700,0.000057,1.000000
SingleSenderLinearUnicastAllDevices,CHIP_UNICAST,NOC_FUSED_UNICAST_ATOMIC_INC,Linear,"[2]",2,4096,3,12774004.666667,2113667.870135,8.657584,8.653355,8.659947,0.002997,1.000000
SingleSenderLinearUnicastAllDevices,CHIP_UNICAST,NOC_UNICAST_SCATTER_WRITE,Linear,"[2]",1,4096,3,6031855.333333,4476234.676505,18.334657,18.334257,18.334932,0.000289,1.000000
SingleSenderLinearUnicastAllDevices,CHIP_UNICAST,NOC_UNICAST_SCATTER_WRITE,Linear,"[2]",2,4096,3,6031896.666667,4476204.007890,18.334532,18.333743,18.335348,0.000656,1.000000
SingleSenderLinearMulticastAllDevices,CHIP_MULTICAST,NOC_UNICAST_WRITE,Linear,"[2]",1,16,3,4695761.333333,5749866.334414,0.091998,0.091997,0.092000,0.000001,1.000000
SingleSenderLinearMulticastAllDevices,CHIP_MULTICAST,NOC_UNICAST_WRITE,Linear,"[2]",2,16,3,4696146.666667,5749394.546963,0.091990,0.091986,0.091993,0.000003,1.000000
SingleSenderLinearMulticastAllDevices,CHIP_MULTICAST,NOC_FUSED_UNICAST_ATOMIC_INC,Linear,"[2]",1,16,3,11390867.000000,2370320.011792,0.037925,0.037925,0.037926,0.000000,1.000000
SingleSenderLinearMulticastAllDevices,CHIP_MULTICAST,NOC_FUSED_UNICAST_ATOMIC_INC,Linear,"[2]",2,16,3,11391298.000000,2370230.330879,0.037924,0.037923,0.037925,0.000001,1.000000
SingleSenderLinearMulticastAllDevices,CHIP_MULTICAST,NOC_UNICAST_SCATTER_WRITE,Linear,"[2]",1,16,3,6030244.666667,4477430.269436,0.071639,0.071638,0.071640,0.000001,1.000000
SingleSenderLinearMulticastAllDevices,CHIP_MULTICAST,NOC_UNICAST_SCATTER_WRITE,Linear,"[2]",2,16,3,6030351.333333,4477351.071613,0.071638,0.071637,0.071639,0.000001,1.000000
SingleSenderLinearMulticastAllDevices,CHIP_MULTICAST,NOC_UNICAST_WRITE,Linear,"[2]",1,2048,3,4697098.000000,5748230.080524,11.772375,11.772009,11.772673,0.000275,1.000000
SingleSenderLinearMulticastAllDevices,CHIP_MULTICAST,NOC_UNICAST_WRITE,Linear,"[2]",2,2048,3,4696429.333333,5749048.499357,11.774051,11.773857,11.774388,0.000239,1.000000
SingleSenderLinearMulticastAllDevices,CHIP_MULTICAST,NOC_FUSED_UNICAST_ATOMIC_INC,Linear,"[2]",1,2048,3,12082962.000000,2234551.429868,4.576361,4.576226,4.576482,0.000105,1.000000
SingleSenderLinearMulticastAllDevices,CHIP_MULTICAST,NOC_FUSED_UNICAST_ATOMIC_INC,Linear,"[2]",2,2048,3,12083335.000000,2234482.451821,4.576220,4.576080,4.576361,0.000115,1.000000
SingleSenderLinearMulticastAllDevices,CHIP_MULTICAST,NOC_UNICAST_SCATTER_WRITE,Linear,"[2]",1,2048,3,6031435.666667,4476546.134716,9.167966,9.167724,9.168314,0.000252,1.000000
SingleSenderLinearMulticastAllDevices,CHIP_MULTICAST,NOC_UNICAST_SCATTER_WRITE,Linear,"[2]",2,2048,3,6031646.666667,4476389.534302,9.167646,9.167369,9.167850,0.000203,1.000000
SingleSenderLinearMulticastAllDevices,CHIP_MULTICAST,NOC_UNICAST_WRITE,Linear,"[2]",1,4096,3,4695038.333333,5750751.769201,23.555079,23.554815,23.555287,0.000197,1.000000
SingleSenderLinearMulticastAllDevices,CHIP_MULTICAST,NOC_UNICAST_WRITE,Linear,"[2]",2,4096,3,4695335.000000,5750388.422665,23.553591,23.552864,23.554554,0.000710,1.000000
SingleSenderLinearMulticastAllDevices,CHIP_MULTICAST,NOC_FUSED_UNICAST_ATOMIC_INC,Linear,"[2]",1,4096,3,12770725.666667,2114210.327451,8.659806,8.659246,8.660479,0.000510,1.000000
SingleSenderLinearMulticastAllDevices,CHIP_MULTICAST,NOC_FUSED_UNICAST_ATOMIC_INC,Linear,"[2]",2,4096,3,12770674.000000,2114218.881362,8.659841,8.659191,8.660472,0.000523,1.000000
SingleSenderLinearMulticastAllDevices,CHIP_MULTICAST,NOC_UNICAST_SCATTER_WRITE,Linear,"[2]",1,4096,3,6031615.000000,4476413.034000,18.335388,18.335199,18.335591,0.000160,1.000000
SingleSenderLinearMulticastAllDevices,CHIP_MULTICAST,NOC_UNICAST_SCATTER_WRITE,Linear,"[2]",2,4096,3,6031938.000000,4476173.330409,18.334406,18.334014,18.334646,0.000280,1.000000
PerimeterLinearUnicast,CHIP_UNICAST,NOC_UNICAST_WRITE,Linear,"[2]",1,16,3,4699763.000000,5744970.618932,0.091920,0.091910,0.091934,0.000010,1.000000
PerimeterLinearUnicast,CHIP_UNICAST,NOC_UNICAST_WRITE,Linear,"[2]",2,16,3,7055089.666667,3827024.395941,0.061232,0.061225,0.061240,0.000006,1.000000
PerimeterLinearUnicast,CHIP_UNICAST,NOC_FUSED_UNICAST_ATOMIC_INC,Linear,"[2]",1,16,3,11399811.666667,2368460.183308,0.037895,0.037894,0.037897,0.000001,1.000000
PerimeterLinearUnicast,CHIP_UNICAST,NOC_FUSED_UNICAST_ATOMIC_INC,Linear,"[2]",2,16,3,13887000.000000,1944264.452211,0.031108,0.031104,0.031114,0.000004,1.000000
PerimeterLinearUnicast,CHIP_UNICAST,NOC_UNICAST_SCATTER_WRITE,Linear,"[2]",1,16,3,6133236.000000,4402243.775126,0.070436,0.070435,0.070436,0.000001,1.000000
PerimeterLinearUnicast,CHIP_UNICAST,NOC_UNICAST_SCATTER_WRITE,Linear,"[2]",2,16,3,8578459.666667,3147418.196183,0.050359,0.050357,0.050362,0.000002,1.000000
PerimeterLinearUnicast,CHIP_UNICAST,NOC_UNICAST_WRITE,Linear,"[2]",1,2048,3,4699689.666667,5745060.253146,11.765883,11.764753,11.767630,0.001253,1.000000
PerimeterLinearUnicast,CHIP_UNICAST,NOC_UNICAST_WRITE,Linear,"[2]",2,2048,3,7054506.333333,3827340.825374,7.838394,7.837903,7.839007,0.000459,1.000000
PerimeterLinearUnicast,CHIP_UNICAST,NOC_FUSED_UNICAST_ATOMIC_INC,Linear,"[2]",1,2048,3,12092143.666667,2232854.716734,4.572886,4.572743,4.573056,0.000129,1.000000
PerimeterLinearUnicast,CHIP_UNICAST,NOC_FUSED_UNICAST_ATOMIC_INC,Linear,"[2]",2,2048,3,14533084.333333,1857829.997004,3.804836,3.804752,3.804994,0.000112,1.000000
PerimeterLinearUnicast,CHIP_UNICAST,NOC_UNICAST_SCATTER_WRITE,Linear,"[2]",1,2048,3,6133781.666667,4401852.148186,9.014993,9.014846,9.015169,0.000134,1.000000
PerimeterLinearUnicast,CHIP_UNICAST,NOC_UNICAST_SCATTER_WRITE,Linear,"[2]",2,2048,3,8551477.000000,3157349.328850,6.466251,6.465830,6.466966,0.000508,1.000000
PerimeterLinearUnicast,CHIP_UNICAST,NOC_UNICAST_WRITE,Linear,"[2]",1,4096,3,4697833.666667,5747329.933257,23.541063,23.539659,23.542189,0.001052,1.000000
PerimeterLinearUnicast,CHIP_UNICAST,NOC_UNICAST_WRITE,Linear,"[2]",2,4096,3,7060750.000000,3823956.437854,15.662926,15.661441,15.665681,0.001950,1.000000
PerimeterLinearUnicast,CHIP_UNICAST,NOC_FUSED_UNICAST_ATOMIC_INC,Linear,"[2]",1,4096,3,12797882.333333,2109724.045645,8.641430,8.640722,8.641858,0.000504,1.000000
PerimeterLinearUnicast,CHIP_UNICAST,NOC_FUSED_UNICAST_ATOMIC_INC,Linear,"[2]",2,4096,3,15214426.666667,1774631.484652,7.268891,7.267386,7.269767,0.001069,1.000000
PerimeterLinearUnicast,CHIP_UNICAST,NOC_UNICAST_SCATTER_WRITE,Linear,"[2]",1,4096,3,6134621.000000,4401249.894132,18.027520,18.026761,18.028128,0.000568,1.000000
PerimeterLinearUnicast,CHIP_UNICAST,NOC_UNICAST_SCATTER_WRITE,Linear,"[2]",2,4096,3,8564075.000000,3152704.769145,12.913479,12.912554,12.914438,0.000769,1.000000
NeighborExchangeLinearUnicast,CHIP_UNICAST,NOC_UNICAST_WRITE,Linear,"[2]",1,16,3,4699343.000000,5745484.002747,0.091928,0.091924,0.091931,0.000003,1.000000
NeighborExchangeLinearUnicast,CHIP_UNICAST,NOC_UNICAST_WRITE,Linear,"[2]",2,16,3,7053186.666667,3828056.976217,0.061249,0.061242,0.061259,0.000008,1.000000
NeighborExchangeLinearUnicast,CHIP_UNICAST,NOC_FUSED_UNICAST_ATOMIC_INC,Linear,"[2]",1,16,3,11399923.333333,2368436.983193,0.037895,0.037894,0.037897,0.000001,1.000000
NeighborExchangeLinearUnicast,CHIP_UNICAST,NOC_FUSED_UNICAST_ATOMIC_INC,Linear,"[2]",2,16,3,13885940.666667,1944412.768072,0.031111,0.031106,0.031114,0.000003,1.000000
NeighborExchangeLinearUnicast,CHIP_UNICAST,NOC_UNICAST_SCATTER_WRITE,Linear,"[2]",1,16,3,6133881.333333,4401780.690417,0.070428,0.070416,0.070436,0.000009,1.000000
NeighborExchangeLinearUnicast,CHIP_UNICAST,NOC_UNICAST_SCATTER_WRITE,Linear,"[2]",2,16,3,8578150.666667,3147531.568367,0.050361,0.050359,0.050362,0.000001,1.000000
NeighborExchangeLinearUnicast,CHIP_UNICAST,NOC_UNICAST_WRITE,Linear,"[2]",1,2048,3,4699385.000000,5745432.745347,11.766646,11.765004,11.768705,0.001539,1.000000
NeighborExchangeLinearUnicast,CHIP_UNICAST,NOC_UNICAST_WRITE,Linear,"[2]",2,2048,3,7053855.000000,3827694.222407,7.839118,7.838798,7.839429,0.000258,1.000000
NeighborExchangeLinearUnicast,CHIP_UNICAST,NOC_FUSED_UNICAST_ATOMIC_INC,Linear,"[2]",1,2048,3,12092041.000000,2232873.673970,4.572925,4.572844,4.573069,0.000102,1.000000
NeighborExchangeLinearUnicast,CHIP_UNICAST,NOC_FUSED_UNICAST_ATOMIC_INC,Linear,"[2]",2,2048,3,14531892.666667,1857982.344396,3.805148,3.805105,3.805223,0.000053,1.000000
NeighborExchangeLinearUnicast,CHIP_UNICAST,NOC_UNICAST_SCATTER_WRITE,Linear,"[2]",1,2048,3,6134471.333333,4401357.341287,9.013980,9.012357,9.014818,0.001148,1.000000
NeighborExchangeLinearUnicast,CHIP_UNICAST,NOC_UNICAST_SCATTER_WRITE,Linear,"[2]",2,2048,3,8551133.666667,3157476.106450,6.466511,6.465715,6.467178,0.000604,1.000000
NeighborExchangeLinearUnicast,CHIP_UNICAST,NOC_UNICAST_WRITE,Linear,"[2]",1,4096,3,4696840.333333,5748545.617847,23.546043,23.540004,23.549990,0.004336,1.000000
NeighborExchangeLinearUnicast,CHIP_UNICAST,NOC_UNICAST_WRITE,Linear,"[2]",2,4096,3,7059928.333333,3824401.458849,15.664748,15.663056,15.666498,0.001406,1.000000
NeighborExchangeLinearUnicast,CHIP_UNICAST,NOC_FUSED_UNICAST_ATOMIC_INC,Linear,"[2]",1,4096,3,12798891.000000,2109557.774194,8.640749,8.640556,8.640963,0.000167,1.000000
NeighborExchangeLinearUnicast,CHIP_UNICAST,NOC_FUSED_UNICAST_ATOMIC_INC,Linear,"[2]",2,4096,3,15214882.666667,1774578.272058,7.268673,7.267817,7.269222,0.000613,1.000000
NeighborExchangeLinearUnicast,CHIP_UNICAST,NOC_UNICAST_SCATTER_WRITE,Linear,"[2]",1,4096,3,6135706.000000,4400471.666229,18.024332,18.022734,18.027455,0.002208,1.000000
NeighborExchangeLinearUnicast,CHIP_UNICAST,NOC_UNICAST_SCATTER_WRITE,Linear,"[2]",2,4096,3,8563377.000000,3152961.747249,12.914531,12.913658,12.915625,0.000818,1.000000
MeshMulticast,CHIP_MULTICAST,NOC_UNICAST_WRITE,Mesh,"[2]",1,16,3,6622656.666667,4076913.746231,0.065231,0.065230,0.065231,0.000000,1.000000
MeshMulticast,CHIP_MULTICAST,NOC_UNICAST_WRITE,Mesh,"[2]",2,16,3,9096545.000000,2968159.892102,0.047491,0.047489,0.047493,0.000001,1.000000
MeshMulticast,CHIP_MULTICAST,NOC_FUSED_UNICAST_ATOMIC_INC,Mesh,"[2]",1,16,3,13244867.000000,2038525.569021,0.032616,0.032615,0.032617,0.000001,1.000000
MeshMulticast,CHIP_MULTICAST,NOC_FUSED_UNICAST_ATOMIC_INC,Mesh,"[2]",2,16,3,15692055.333333,1720615.917378,0.027530,0.027528,0.027533,0.000002,1.000000
MeshMulticast,CHIP_MULTICAST,NOC_UNICAST_SCATTER_WRITE,Mesh,"[2]",1,16,3,7723703.666667,3495732.254045,0.055932,0.055930,0.055934,0.000002,1.000000
MeshMulticast,CHIP_MULTICAST,NOC_UNICAST_SCATTER_WRITE,Mesh,"[2]",2,16,3,10190684.333333,2649478.608501,0.042392,0.042387,0.042394,0.000003,1.000000
MeshMulticast,CHIP_MULTICAST,NOC_UNICAST_WRITE,Mesh,"[2]",1,2048,3,6624538.666667,4075755.516378,8.347147,8.346882,8.347325,0.000191,1.000000
MeshMulticast,CHIP_MULTICAST,NOC_UNICAST_WRITE,Mesh,"[2]",2,2048,3,9098453.000000,2967537.455370,6.077517,6.077147,6.077867,0.000295,1.000000
MeshMulticast,CHIP_MULTICAST,NOC_FUSED_UNICAST_ATOMIC_INC,Mesh,"[2]",1,2048,3,13924890.333333,1938973.979771,3.971019,3.970888,3.971190,0.000127,1.000000
MeshMulticast,CHIP_MULTICAST,NOC_FUSED_UNICAST_ATOMIC_INC,Mesh,"[2]",2,2048,3,16384508.666667,1647898.480098,3.374896,3.372518,3.376462,0.001709,1.000000
MeshMulticast,CHIP_MULTICAST,NOC_UNICAST_SCATTER_WRITE,Mesh,"[2]",1,2048,3,7723703.000000,3495732.552155,7.159260,7.159229,7.159283,0.000023,1.000000
MeshMulticast,CHIP_MULTICAST,NOC_UNICAST_SCATTER_WRITE,Mesh,"[2]",2,2048,3,10193745.000000,2648683.090685,5.424503,5.424340,5.424588,0.000116,1.000000
MeshMulticast,CHIP_MULTICAST,NOC_UNICAST_WRITE,Mesh,"[2]",1,4096,3,6625774.666667,4074995.208865,16.691180,16.690562,16.691711,0.000473,1.000000
MeshMulticast,CHIP_MULTICAST,NOC_UNICAST_WRITE,Mesh,"[2]",2,4096,3,9093550.666667,2969137.249663,12.161586,12.161344,12.162004,0.000297,1.000000
MeshMulticast,CHIP_MULTICAST,NOC_FUSED_UNICAST_ATOMIC_INC,Mesh,"[2]",1,4096,3,14683486.000000,1838800.405153,7.531726,7.531575,7.531837,0.000111,1.000000
MeshMulticast,CHIP_MULTICAST,NOC_FUSED_UNICAST_ATOMIC_INC,Mesh,"[2]",2,4096,3,17137442.666667,1575498.261523,6.453241,6.447439,6.456839,0.004142,1.000000
MeshMulticast,CHIP_MULTICAST,NOC_UNICAST_SCATTER_WRITE,Mesh,"[2]",1,4096,3,7724486.000000,3495378.212954,14.317069,14.316061,14.317779,0.000732,1.000000
MeshMulticast,CHIP_MULTICAST,NOC_UNICAST_SCATTER_WRITE,Mesh,"[2]",2,4096,3,10197118.000000,2647806.964055,10.845417,10.844733,10.845769,0.000484,1.000000
UnidirMeshMulticast,CHIP_MULTICAST,NOC_UNICAST_WRITE,Mesh,"[2]",1,16,3,6622929.000000,4076746.137751,0.065228,0.065220,0.065233,0.000006,1.000000
UnidirMeshMulticast,CHIP_MULTICAST,NOC_UNICAST_WRITE,Mesh,"[2]",2,16,3,9096851.000000,2968060.048447,0.047489,0.047488,0.047491,0.000001,1.000000
UnidirMeshMulticast,CHIP_MULTICAST,NOC_FUSED_UNICAST_ATOMIC_INC,Mesh,"[2]",1,16,3,13245009.333333,2038503.666054,0.032616,0.032614,0.032618,0.000002,1.000000
UnidirMeshMulticast,CHIP_MULTICAST,NOC_FUSED_UNICAST_ATOMIC_INC,Mesh,"[2]",2,16,3,15704310.000000,1719274.490060,0.027508,0.027477,0.027534,0.000023,1.000000
UnidirMeshMulticast,CHIP_MULTICAST,NOC_UNICAST_SCATTER_WRITE,Mesh,"[2]",1,16,3,7724281.333333,3495470.829130,0.055928,0.055924,0.055932,0.000003,1.000000
UnidirMeshMulticast,CHIP_MULTICAST,NOC_UNICAST_SCATTER_WRITE,Mesh,"[2]",2,16,3,10191036.000000,2649387.183966,0.042390,0.042387,0.042395,0.000003,1.000000
UnidirMeshMulticast,CHIP_MULTICAST,NOC_UNICAST_WRITE,Mesh,"[2]",1,2048,3,6625705.000000,4075038.060129,8.345678,8.345173,8.345984,0.000360,1.000000
UnidirMeshMulticast,CHIP_MULTICAST,NOC_UNICAST_WRITE,Mesh,"[2]",2,2048,3,9098603.666667,2967488.312793,6.077416,6.077167,6.077748,0.000244,1.000000
UnidirMeshMulticast,CHIP_MULTICAST,NOC_FUSED_UNICAST_ATOMIC_INC,Mesh,"[2]",1,2048,3,13925802.666667,1938846.960234,3.970759,3.970330,3.971074,0.000314,1.000000
UnidirMeshMulticast,CHIP_MULTICAST,NOC_FUSED_UNICAST_ATOMIC_INC,Mesh,"[2]",2,2048,3,16385986.333333,1647750.316925,3.374593,3.372715,3.378047,0.002446,1.000000
UnidirMeshMulticast,CHIP_MULTICAST,NOC_UNICAST_SCATTER_WRITE,Mesh,"[2]",1,2048,3,7724148.666667,3495530.867317,7.158847,7.158485,7.159419,0.000409,1.000000
UnidirMeshMulticast,CHIP_MULTICAST,NOC_UNICAST_SCATTER_WRITE,Mesh,"[2]",2,2048,3,10193926.666667,2648635.895581,5.424406,5.424116,5.424830,0.000307,1.000000
UnidirMeshMulticast,CHIP_MULTICAST,NOC_UNICAST_WRITE,Mesh,"[2]",1,4096,3,6626353.000000,4074639.575229,16.689724,16.687880,16.691008,0.001337,1.000000
UnidirMeshMulticast,CHIP_MULTICAST,NOC_UNICAST_WRITE,Mesh,"[2]",2,4096,3,9093472.000000,2969162.935842,12.161691,12.161279,12.162101,0.000335,1.000000
UnidirMeshMulticast,CHIP_MULTICAST,NOC_FUSED_UNICAST_ATOMIC_INC,Mesh,"[2]",1,4096,3,14683377.333333,1838814.013119,7.531782,7.531749,7.531823,0.000031,1.000000
UnidirMeshMulticast,CHIP_MULTICAST,NOC_FUSED_UNICAST_ATOMIC_INC,Mesh,"[2]",2,4096,3,17145791.000000,1574730.516660,6.450096,6.449159,6.450849,0.000702,1.000000
UnidirMeshMulticast,CHIP_MULTICAST,NOC_UNICAST_SCATTER_WRITE,Mesh,"[2]",1,4096,3,7724473.333333,3495383.942689,14.317093,14.316189,14.317664,0.000647,1.000000
UnidirMeshMulticast,CHIP_MULTICAST,NOC_UNICAST_SCATTER_WRITE,Mesh,"[2]",2,4096,3,10197402.000000,2647733.222089,10.845115,10.844754,10.845803,0.000487,1.000000
SingleSenderMeshUnicastAllDevices,CHIP_UNICAST,NOC_UNICAST_WRITE,Mesh,"[2]",1,16,3,6619343.666667,4078954.253583,0.065263,0.065262,0.065264,0.000001,1.000000
SingleSenderMeshUnicastAllDevices,CHIP_UNICAST,NOC_UNICAST_WRITE,Mesh,"[2]",2,16,3,6721054.000000,4017227.059935,0.064276,0.064275,0.064276,0.000000,1.000000
SingleSenderMeshUnicastAllDevices,CHIP_UNICAST,NOC_FUSED_UNICAST_ATOMIC_INC,Mesh,"[2]",1,16,3,13239290.666667,2039384.184839,0.032630,0.032630,0.032631,0.000000,1.000000
SingleSenderMeshUnicastAllDevices,CHIP_UNICAST,NOC_FUSED_UNICAST_ATOMIC_INC,Mesh,"[2]",2,16,3,13343434.333333,2023467.072598,0.032375,0.032375,0.032376,0.000001,1.000000
SingleSenderMeshUnicastAllDevices,CHIP_UNICAST,NOC_UNICAST_SCATTER_WRITE,Mesh,"[2]",1,16,3,7721229.333333,3496852.489376,0.055950,0.055948,0.055951,0.000001,1.000000
SingleSenderMeshUnicastAllDevices,CHIP_UNICAST,NOC_UNICAST_SCATTER_WRITE,Mesh,"[2]",2,16,3,7821855.333333,3451866.450026,0.055230,0.055229,0.055231,0.000000,1.000000
SingleSenderMeshUnicastAllDevices,CHIP_UNICAST,NOC_UNICAST_WRITE,Mesh,"[2]",1,2048,3,6620980.666667,4077945.759107,8.351633,8.351296,8.351986,0.000282,1.000000
SingleSenderMeshUnicastAllDevices,CHIP_UNICAST,NOC_UNICAST_WRITE,Mesh,"[2]",2,2048,3,6723485.333333,4015774.359277,8.224306,8.224213,8.224487,0.000128,1.000000
SingleSenderMeshUnicastAllDevices,CHIP_UNICAST,NOC_FUSED_UNICAST_ATOMIC_INC,Mesh,"[2]",1,2048,3,13919138.000000,1939775.296278,3.972660,3.972476,3.972840,0.000149,1.000000
SingleSenderMeshUnicastAllDevices,CHIP_UNICAST,NOC_FUSED_UNICAST_ATOMIC_INC,Mesh,"[2]",2,2048,3,14019277.666667,1925919.484780,3.944283,3.944147,3.944414,0.000109,1.000000
SingleSenderMeshUnicastAllDevices,CHIP_UNICAST,NOC_UNICAST_SCATTER_WRITE,Mesh,"[2]",1,2048,3,7720717.666667,3497084.230776,7.162029,7.161934,7.162076,0.000067,1.000000
SingleSenderMeshUnicastAllDevices,CHIP_UNICAST,NOC_UNICAST_SCATTER_WRITE,Mesh,"[2]",2,2048,3,7822554.666667,3451557.854782,7.068790,7.068710,7.068913,0.000088,1.000000
SingleSenderMeshUnicastAllDevices,CHIP_UNICAST,NOC_UNICAST_WRITE,Mesh,"[2]",1,4096,3,6622445.000000,4077044.052550,16.699572,16.699464,16.699643,0.000078,1.000000
SingleSenderMeshUnicastAllDevices,CHIP_UNICAST,NOC_UNICAST_WRITE,Mesh,"[2]",2,4096,3,6724926.333333,4014913.875299,16.445087,16.444240,16.445902,0.000679,1.000000
SingleSenderMeshUnicastAllDevices,CHIP_UNICAST,NOC_FUSED_UNICAST_ATOMIC_INC,Mesh,"[2]",1,4096,3,14677979.333333,1839490.262481,7.534552,7.534093,7.534924,0.000345,1.000000
SingleSenderMeshUnicastAllDevices,CHIP_UNICAST,NOC_FUSED_UNICAST_ATOMIC_INC,Mesh,"[2]",2,4096,3,14786945.000000,1825935.059660,7.479030,7.477542,7.481318,0.001642,1.000000
SingleSenderMeshUnicastAllDevices,CHIP_UNICAST,NOC_UNICAST_SCATTER_WRITE,Mesh,"[2]",1,4096,3,7721013.666667,3496950.163135,14.323508,14.323400,14.323633,0.000096,1.000000
SingleSenderMeshUnicastAllDevices,CHIP_UNICAST,NOC_UNICAST_SCATTER_WRITE,Mesh,"[2]",2,4096,3,7823244.000000,3451253.726011,14.136335,14.136082,14.136505,0.000182,1.000000
SingleSenderMeshMulticastAllDevices,CHIP_MULTICAST,NOC_UNICAST_WRITE,Mesh,"[2]",1,16,3,6619284.333333,4078990.816818,0.065264,0.065263,0.065266,0.000001,1.000000
SingleSenderMeshMulticastAllDevices,CHIP_MULTICAST,NOC_UNICAST_WRITE,Mesh,"[2]",2,16,3,6721311.333333,4017073.256136,0.064273,0.064272,0.064274,0.000001,1.000000
SingleSenderMeshMulticastAllDevices,CHIP_MULTICAST,NOC_FUSED_UNICAST_ATOMIC_INC,Mesh,"[2]",1,16,3,13239079.000000,2039416.790551,0.032631,0.032630,0.032631,0.000000,1.000000
SingleSenderMeshMulticastAllDevices,CHIP_MULTICAST,NOC_FUSED_UNICAST_ATOMIC_INC,Mesh,"[2]",2,16,3,13343386.333333,2023474.351016,0.032376,0.032375,0.032376,0.000000,1.000000
SingleSenderMeshMulticastAllDevices,CHIP_MULTICAST,NOC_UNICAST_SCATTER_WRITE,Mesh,"[2]",1,16,3,7721405.666667,3496772.630174,0.055948,0.055948,0.055949,0.000000,1.000000
SingleSenderMeshMulticastAllDevices,CHIP_MULTICAST,NOC_UNICAST_SCATTER_WRITE,Mesh,"[2]",2,16,3,7821588.333333,3451984.283837,0.055232,0.055231,0.055232,0.000000,1.000000
SingleSenderMeshMulticastAllDevices,CHIP_MULTICAST,NOC_UNICAST_WRITE,Mesh,"[2]",1,2048,3,6620922.000000,4077981.888729,8.351707,8.351639,8.351824,0.000083,1.000000
SingleSenderMeshMulticastAllDevices,CHIP_MULTICAST,NOC_UNICAST_WRITE,Mesh,"[2]",2,2048,3,6723504.333333,4015763.011188,8.224283,8.224137,8.224464,0.000136,1.000000
SingleSenderMeshMulticastAllDevices,CHIP_MULTICAST,NOC_FUSED_UNICAST_ATOMIC_INC,Mesh,"[2]",1,2048,3,13918218.000000,1939903.514434,3.972922,3.972856,3.973045,0.000087,1.000000
SingleSenderMeshMulticastAllDevices,CHIP_MULTICAST,NOC_FUSED_UNICAST_ATOMIC_INC,Mesh,"[2]",2,2048,3,14019693.666667,1925862.339923,3.944166,3.943957,3.944372,0.000170,1.000000
SingleSenderMeshMulticastAllDevices,CHIP_MULTICAST,NOC_UNICAST_SCATTER_WRITE,Mesh,"[2]",1,2048,3,7720564.333333,3497153.685578,7.162171,7.161948,7.162294,0.000157,1.000000
SingleSenderMeshMulticastAllDevices,CHIP_MULTICAST,NOC_UNICAST_SCATTER_WRITE,Mesh,"[2]",2,2048,3,7822636.666667,3451521.674562,7.068716,7.068571,7.068853,0.000116,1.000000
SingleSenderMeshMulticastAllDevices,CHIP_MULTICAST,NOC_UNICAST_WRITE,Mesh,"[2]",1,4096,3,6622462.666667,4077033.176843,16.699528,16.699272,16.699794,0.000213,1.000000
SingleSenderMeshMulticastAllDevices,CHIP_MULTICAST,NOC_UNICAST_WRITE,Mesh,"[2]",2,4096,3,6724879.000000,4014942.127702,16.445203,16.445078,16.445284,0.000089,1.000000
SingleSenderMeshMulticastAllDevices,CHIP_MULTICAST,NOC_FUSED_UNICAST_ATOMIC_INC,Mesh,"[2]",1,4096,3,14677580.666667,1839540.223626,7.534757,7.534459,7.534954,0.000214,1.000000
SingleSenderMeshMulticastAllDevices,CHIP_MULTICAST,NOC_FUSED_UNICAST_ATOMIC_INC,Mesh,"[2]",2,4096,3,14785875.666667,1826067.172873,7.479571,7.477120,7.482300,0.002124,1.000000
SingleSenderMeshMulticastAllDevices,CHIP_MULTICAST,NOC_UNICAST_SCATTER_WRITE,Mesh,"[2]",1,4096,3,7721232.000000,3496851.279935,14.323103,14.322964,14.323255,0.000119,1.000000
SingleSenderMeshMulticastAllDevices,CHIP_MULTICAST,NOC_UNICAST_SCATTER_WRITE,Mesh,"[2]",2,4096,3,7823264.666667,3451244.609862,14.136298,14.136006,14.136715,0.000302,1.000000
PerimeterMeshUnicast,CHIP_UNICAST,NOC_UNICAST_WRITE,Mesh,"[2]",1,16,3,6622845.666667,4076797.402131,0.065229,0.065227,0.065230,0.000001,1.000000
PerimeterMeshUnicast,CHIP_UNICAST,NOC_UNICAST_WRITE,Mesh,"[2]",2,16,3,9096580.666667,2968148.252631,0.047490,0.047489,0.047492,0.000001,1.000000
PerimeterMeshUnicast,CHIP_UNICAST,NOC_FUSED_UNICAST_ATOMIC_INC,Mesh,"[2]",1,16,3,13244521.666667,2038578.718861,0.032617,0.032616,0.032618,0.000001,1.000000
PerimeterMeshUnicast,CHIP_UNICAST,NOC_FUSED_UNICAST_ATOMIC_INC,Mesh,"[2]",2,16,3,15713848.666667,1718231.499137,0.027492,0.027471,0.027533,0.000029,1.000000
PerimeterMeshUnicast,CHIP_UNICAST,NOC_UNICAST_SCATTER_WRITE,Mesh,"[2]",1,16,3,7723757.333333,3495707.961420,0.055931,0.055931,0.055932,0.000001,1.000000
PerimeterMeshUnicast,CHIP_UNICAST,NOC_UNICAST_SCATTER_WRITE,Mesh,"[2]",2,16,3,10190951.666667,2649409.093199,0.042391,0.042390,0.042392,0.000001,1.000000
PerimeterMeshUnicast,CHIP_UNICAST,NOC_UNICAST_WRITE,Mesh,"[2]",1,2048,3,6624398.666667,4075841.652454,8.347324,8.347125,8.347464,0.000144,1.000000
PerimeterMeshUnicast,CHIP_UNICAST,NOC_UNICAST_WRITE,Mesh,"[2]",2,2048,3,9098982.000000,2967364.922043,6.077163,6.076984,6.077305,0.000134,1.000000
PerimeterMeshUnicast,CHIP_UNICAST,NOC_FUSED_UNICAST_ATOMIC_INC,Mesh,"[2]",1,2048,3,13924705.000000,1938999.784958,3.971072,3.971058,3.971098,0.000019,1.000000
PerimeterMeshUnicast,CHIP_UNICAST,NOC_FUSED_UNICAST_ATOMIC_INC,Mesh,"[2]",2,2048,3,16393477.333333,1646996.594952,3.373049,3.372121,3.373966,0.000754,1.000000
PerimeterMeshUnicast,CHIP_UNICAST,NOC_UNICAST_SCATTER_WRITE,Mesh,"[2]",1,2048,3,7723430.000000,3495856.117503,7.159513,7.159287,7.159646,0.000161,1.000000
PerimeterMeshUnicast,CHIP_UNICAST,NOC_UNICAST_SCATTER_WRITE,Mesh,"[2]",2,2048,3,10194408.000000,2648510.832761,5.424150,5.423961,5.424336,0.000153,1.000000
PerimeterMeshUnicast,CHIP_UNICAST,NOC_UNICAST_WRITE,Mesh,"[2]",1,4096,3,6625667.333333,4075061.219596,16.691451,16.691278,16.691736,0.000203,1.000000
PerimeterMeshUnicast,CHIP_UNICAST,NOC_UNICAST_WRITE,Mesh,"[2]",2,4096,3,9093798.666667,2969056.277816,12.161255,12.160791,12.161571,0.000335,1.000000
PerimeterMeshUnicast,CHIP_UNICAST,NOC_FUSED_UNICAST_ATOMIC_INC,Mesh,"[2]",1,4096,3,14683072.666667,1838852.168787,7.531938,7.531713,7.532182,0.000192,1.000000
PerimeterMeshUnicast,CHIP_UNICAST,NOC_FUSED_UNICAST_ATOMIC_INC,Mesh,"[2]",2,4096,3,17141760.333333,1575101.350003,6.451615,6.446232,6.455314,0.003895,1.000000
PerimeterMeshUnicast,CHIP_UNICAST,NOC_UNICAST_SCATTER_WRITE,Mesh,"[2]",1,4096,3,7724454.666667,3495392.388407,14.317127,14.316420,14.317874,0.000594,1.000000
PerimeterMeshUnicast,CHIP_UNICAST,NOC_UNICAST_SCATTER_WRITE,Mesh,"[2]",2,4096,3,10197263.000000,2647769.311808,10.845263,10.844966,10.845821,0.000395,1.000000
NeighborExchangeMeshUnicast,CHIP_UNICAST,NOC_UNICAST_WRITE,Mesh,"[2]",1,16,3,6622931.666667,4076744.488993,0.065228,0.065221,0.065232,0.000005,1.000000
NeighborExchangeMeshUnicast,CHIP_UNICAST,NOC_UNICAST_WRITE,Mesh,"[2]",2,16,3,9097003.666667,2968010.242075,0.047488,0.047486,0.047491,0.000002,1.000000
NeighborExchangeMeshUnicast,CHIP_UNICAST,NOC_FUSED_UNICAST_ATOMIC_INC,Mesh,"[2]",1,16,3,13245067.333333,2038494.735371,0.032616,0.032614,0.032617,0.000001,1.000000
NeighborExchangeMeshUnicast,CHIP_UNICAST,NOC_FUSED_UNICAST_ATOMIC_INC,Mesh,"[2]",2,16,3,15706383.333333,1719047.574863,0.027505,0.027472,0.027529,0.000024,1.000000
NeighborExchangeMeshUnicast,CHIP_UNICAST,NOC_UNICAST_SCATTER_WRITE,Mesh,"[2]",1,16,3,7723772.666667,3495701.028649,0.055931,0.055928,0.055934,0.000003,1.000000
NeighborExchangeMeshUnicast,CHIP_UNICAST,NOC_UNICAST_SCATTER_WRITE,Mesh,"[2]",2,16,3,10191672.000000,2649221.835438,0.042388,0.042387,0.042388,0.000000,1.000000
NeighborExchangeMeshUnicast,CHIP_UNICAST,NOC_UNICAST_WRITE,Mesh,"[2]",1,2048,3,6625309.333333,4075281.493062,8.346176,8.344572,8.347204,0.001149,1.000000
NeighborExchangeMeshUnicast,CHIP_UNICAST,NOC_UNICAST_WRITE,Mesh,"[2]",2,2048,3,9098721.666667,2967449.823896,6.077337,6.077244,6.077477,0.000101,1.000000
NeighborExchangeMeshUnicast,CHIP_UNICAST,NOC_FUSED_UNICAST_ATOMIC_INC,Mesh,"[2]",1,2048,3,13926438.333333,1938758.453155,3.970577,3.970362,3.970722,0.000155,1.000000
NeighborExchangeMeshUnicast,CHIP_UNICAST,NOC_FUSED_UNICAST_ATOMIC_INC,Mesh,"[2]",2,2048,3,16383759.666667,1647975.011052,3.375053,3.372227,3.379753,0.003346,1.000000
NeighborExchangeMeshUnicast,CHIP_UNICAST,NOC_UNICAST_SCATTER_WRITE,Mesh,"[2]",1,2048,3,7724615.000000,3495319.876992,7.158415,7.157389,7.159388,0.000817,1.000000
NeighborExchangeMeshUnicast,CHIP_UNICAST,NOC_UNICAST_SCATTER_WRITE,Mesh,"[2]",2,2048,3,10194032.000000,2648608.525731,5.424350,5.424073,5.424716,0.000270,1.000000
NeighborExchangeMeshUnicast,CHIP_UNICAST,NOC_UNICAST_WRITE,Mesh,"[2]",1,4096,3,6626214.333333,4074724.879297,16.690073,16.687223,16.691799,0.002030,1.000000
NeighborExchangeMeshUnicast,CHIP_UNICAST,NOC_UNICAST_WRITE,Mesh,"[2]",2,4096,3,9092883.000000,2969355.264922,12.162479,12.162268,12.162794,0.000227,1.000000
NeighborExchangeMeshUnicast,CHIP_UNICAST,NOC_FUSED_UNICAST_ATOMIC_INC,Mesh,"[2]",1,4096,3,14683915.000000,1838746.686695,7.531506,7.531037,7.531809,0.000337,1.000000
NeighborExchangeMeshUnicast,CHIP_UNICAST,NOC_FUSED_UNICAST_ATOMIC_INC,Mesh,"[2]",2,4096,3,17137802.666667,1575464.630697,6.453103,6.451670,6.455543,0.001734,1.000000
NeighborExchangeMeshUnicast,CHIP_UNICAST,NOC_UNICAST_SCATTER_WRITE,Mesh,"[2]",1,4096,3,7725766.666667,3494798.824696,14.314696,14.313465,14.316689,0.001422,1.000000
NeighborExchangeMeshUnicast,CHIP_UNICAST,NOC_UNICAST_SCATTER_WRITE,Mesh,"[2]",2,4096,3,10197473.000000,2647714.788203,10.845040,10.844646,10.845789,0.000530,1.000000
