test_name,ftype,ntype,topology,num_devices,num_links,packet_size,cycles,bandwidth_gb_s,packets_per_second,tolerance_percent
LinearMulticast,CHIP_MULTICAST,NOC_UNICAST_WRITE,Linear,"[2,4]",1,2048,153063831,8.028023,3919933.247,1.0
LinearMulticast,CHIP_MULTICAST,NOC_FUSED_UNICAST_ATOMIC_INC,Linear,"[2,4]",1,2048,299770447,4.099137,2001531.525,2.5
LinearMulticast,CHIP_MULTICAST,NOC_UNICAST_SCATTER_WRITE,Linear,"[2,4]",1,2048,173664251,7.075722,3454942.491,4.8
LinearMulticast,CHIP_MULTICAST,NOC_UNICAST_WRITE,Linear,"[2,4]",1,4096,210451938,11.677726,2851007.245,1.0
LinearMulticast,CHIP_MULTICAST,NOC_FUSED_UNICAST_ATOMIC_INC,Linear,"[2,4]",1,4096,366388382,6.707636,1637606.511,1.4
LinearMulticast,CHIP_MULTICAST,NOC_UNICAST_SCATTER_WRITE,Linear,"[2,4]",1,4096,210589138,11.670118,2849149.798,1.0
UnidirLinearMulticast,CHIP_MULTICAST,NOC_UNICAST_WRITE,Linear,"[2,4]",1,2048,153045573,5.352654,2613600.591,1.0
UnidirLinearMulticast,CHIP_MULTICAST,NOC_FUSED_UNICAST_ATOMIC_INC,Linear,"[2,4]",1,2048,299480644,2.735402,1335645.585,2.5
UnidirLinearMulticast,CHIP_MULTICAST,NOC_UNICAST_SCATTER_WRITE,Linear,"[2,4]",1,2048,168638842,4.857718,2371932.796,4.8
UnidirLinearMulticast,CHIP_MULTICAST,NOC_UNICAST_WRITE,Linear,"[2,4]",1,4096,158407001,10.342977,2525140.918,4.8
UnidirLinearMulticast,CHIP_MULTICAST,NOC_FUSED_UNICAST_ATOMIC_INC,Linear,"[2,4]",1,4096,370583940,4.421131,1079377.590,2.3
UnidirLinearMulticast,CHIP_MULTICAST,NOC_UNICAST_SCATTER_WRITE,Linear,"[2,4]",1,4096,167618180,9.774596,2386375.989,1.0
SingleSenderLinearUnicastAllDevices,CHIP_UNICAST,NOC_UNICAST_WRITE,Linear,"[2,4]",1,2048,153966001,7.980983,3896964.240,1.0
SingleSenderLinearUnicastAllDevices,CHIP_UNICAST,NOC_FUSED_UNICAST_ATOMIC_INC,Linear,"[2,4]",1,2048,186353075,6.593935,3219694.658,2.5
SingleSenderLinearUnicastAllDevices,CHIP_UNICAST,NOC_UNICAST_SCATTER_WRITE,Linear,"[2,4]",1,2048,158027280,7.775873,3796812.803,4.8
SingleSenderLinearUnicastAllDevices,CHIP_UNICAST,NOC_UNICAST_WRITE,Linear,"[2,4]",1,4096,208636079,11.779362,2875820.917,1.0
SingleSenderLinearUnicastAllDevices,CHIP_UNICAST,NOC_FUSED_UNICAST_ATOMIC_INC,Linear,"[2,4]",1,4096,208649208,11.778621,2875639.959,1.0
SingleSenderLinearUnicastAllDevices,CHIP_UNICAST,NOC_UNICAST_SCATTER_WRITE,Linear,"[2,4]",1,4096,208636144,11.779359,2875820.021,1.0
FullRingMulticast,CHIP_MULTICAST,NOC_UNICAST_WRITE,Ring,"[8]",1,2048,1054171006,2.719862,1328057.774,1.2
FullRingMulticast,CHIP_MULTICAST,NOC_FUSED_UNICAST_ATOMIC_INC,Ring,"[8]",1,2048,1231734175,2.327775,1136608.879,5.9
FullRingMulticast,CHIP_MULTICAST,NOC_UNICAST_SCATTER_WRITE,Ring,"[8]",1,2048,1095212313,2.617940,1278290.961,5.5
FullRingMulticast,CHIP_MULTICAST,NOC_UNICAST_WRITE,Ring,[8],1,4096,995485276,5.760407,1406349.279,1.2
FullRingMulticast,CHIP_MULTICAST,NOC_FUSED_UNICAST_ATOMIC_INC,Ring,[8],1,4096,1513842388,3.787977,924799.048,5.9
FullRingMulticast,CHIP_MULTICAST,NOC_UNICAST_SCATTER_WRITE,Ring,[8],1,4096,1059302972,5.413371,1321623.782,5.5
FullRingUnicast,CHIP_UNICAST,NOC_UNICAST_WRITE,Ring,"[8]",1,2048,997728247,2.873728,1403187.696,2.6
FullRingUnicast,CHIP_UNICAST,NOC_FUSED_UNICAST_ATOMIC_INC,Ring,"[8]",1,2048,1057419817,2.711506,1323977.457,2.7
FullRingUnicast,CHIP_UNICAST,NOC_UNICAST_SCATTER_WRITE,Ring,"[8]",1,2048,999040426,2.869954,1401344.694,2.0
FullRingUnicast,CHIP_UNICAST,NOC_UNICAST_WRITE,Ring,[8],1,4096,1123844013,5.102487,1245724.481,2.6
FullRingUnicast,CHIP_UNICAST,NOC_FUSED_UNICAST_ATOMIC_INC,Ring,[8],1,4096,1190462556,4.816951,1176013.469,2.7
FullRingUnicast,CHIP_UNICAST,NOC_UNICAST_SCATTER_WRITE,Ring,[8],1,4096,1126721172,5.089458,1242543.439,2.0
HalfRingMulticast,CHIP_MULTICAST,NOC_UNICAST_WRITE,Ring,"[8]",1,2048,473482634,3.460317,1689607.902,1.0
HalfRingMulticast,CHIP_MULTICAST,NOC_FUSED_UNICAST_ATOMIC_INC,Ring,"[8]",1,2048,769973904,2.127864,1038996.251,4.5
HalfRingMulticast,CHIP_MULTICAST,NOC_UNICAST_SCATTER_WRITE,Ring,"[8]",1,2048,499955881,3.277089,1600141.193,1.5
HalfRingMulticast,CHIP_MULTICAST,NOC_UNICAST_WRITE,Ring,[8],1,4096,539717133,6.071328,1482257.929,1.0
HalfRingMulticast,CHIP_MULTICAST,NOC_FUSED_UNICAST_ATOMIC_INC,Ring,[8],1,4096,905342337,3.619404,883643.642,4.5
HalfRingMulticast,CHIP_MULTICAST,NOC_UNICAST_SCATTER_WRITE,Ring,[8],1,4096,562936765,5.820902,1421118.765,1.5
MeshMulticast,CHIP_MULTICAST,NOC_UNICAST_WRITE,Mesh,"[8]",1,2048,564690266,4.352120,2125058.766,1.0
MeshMulticast,CHIP_MULTICAST,NOC_FUSED_UNICAST_ATOMIC_INC,Mesh,"[8]",1,2048,801051117,3.067969,1498031.742,1.0
MeshMulticast,CHIP_MULTICAST,NOC_UNICAST_SCATTER_WRITE,Mesh,"[8]",1,2048,580799148,4.231411,2066118.733,1.0
MeshMulticast,CHIP_MULTICAST,NOC_UNICAST_WRITE,Mesh,[8],1,4096,626264039,7.848447,1916124.710,1.0
MeshMulticast,CHIP_MULTICAST,NOC_FUSED_UNICAST_ATOMIC_INC,Mesh,[8],1,4096,905750059,5.426663,1324868.807,1.0
MeshMulticast,CHIP_MULTICAST,NOC_UNICAST_SCATTER_WRITE,Mesh,[8],1,4096,650482957,7.556232,1844783.152,1.0
MeshMulticastDynamic,CHIP_MULTICAST,NOC_UNICAST_WRITE,Mesh,"[8]",1,2048,634005718,3.876306,1892727.409,1.0
MeshMulticastDynamic,CHIP_MULTICAST,NOC_FUSED_UNICAST_ATOMIC_INC,Mesh,"[8]",1,2048,906240865,2.711862,1324151.278,1.0
MeshMulticastDynamic,CHIP_MULTICAST,NOC_UNICAST_SCATTER_WRITE,Mesh,"[8]",1,2048,650690003,3.776914,1844196.152,1.0
MeshMulticastDynamic,CHIP_MULTICAST,NOC_UNICAST_WRITE,Mesh,[8],1,4096,692681102,7.095906,1732398.930,1.0
MeshMulticastDynamic,CHIP_MULTICAST,NOC_FUSED_UNICAST_ATOMIC_INC,Mesh,[8],1,4096,1015647916,4.839472,1181511.803,1.0
MeshMulticastDynamic,CHIP_MULTICAST,NOC_UNICAST_SCATTER_WRITE,Mesh,[8],1,4096,709810803,6.924662,1690591.345,1.0
SingleSenderMeshUnicastAllDevices,CHIP_UNICAST,NOC_UNICAST_WRITE,Mesh,"[8]",1,2048,472171325,3.469927,1694300.263,1.0
SingleSenderMeshUnicastAllDevices,CHIP_UNICAST,NOC_FUSED_UNICAST_ATOMIC_INC,Mesh,"[8]",1,2048,487958590,3.357662,1639483.383,1.0
SingleSenderMeshUnicastAllDevices,CHIP_UNICAST,NOC_UNICAST_SCATTER_WRITE,Mesh,"[8]",1,2048,473127689,3.462913,1690875.463,1.0
SingleSenderMeshUnicastAllDevices,CHIP_UNICAST,NOC_UNICAST_WRITE,Mesh,[8],1,4096,508954749,6.438293,1571848.974,1.0
SingleSenderMeshUnicastAllDevices,CHIP_UNICAST,NOC_FUSED_UNICAST_ATOMIC_INC,Mesh,[8],1,4096,520941505,6.290150,1535681.055,1.0
SingleSenderMeshUnicastAllDevices,CHIP_UNICAST,NOC_UNICAST_SCATTER_WRITE,Mesh,[8],1,4096,508752049,6.440859,1572475.239,1.0
